{"changes":[{"fileName":"id_1555400809203_81_propertyChange","fileType":"change","changeType":"propertyChange","moduleName":"","reference":"customer.application01.Component","packageName":"$TMP","content":{"property":"useExportToExcel","newValue":true},"selector":{"id":"customer.application01::sap.suite.ui.generic.template.ListReport.view.ListReport::C_BankChainHeaderTP--listReport","type":"sap.m.OverflowToolbarButton","idIsLocal":false},"layer":"VENDOR","texts":{},"namespace":"apps/customer.application01/changes/","projectId":"customer.application01","creation":"2019-04-16T07:46:51.605Z","originalLanguage":"EN","conditions":{},"context":"","support":{"generator":"Change.createInitialFileContent","service":"","user":"SAP","sapui5Version":"1.64.0","sourceChangeFileName":"","compositeCommand":""},"oDataInformation":{},"dependentSelector":{},"validAppVersions":{"creation":"2508.0.3","from":"2508.0.3","to":"2508.0.3"},"jsOnly":false,"variantReference":""},{"changeType":"propertyChange","reference":"customer.application01","namespace":"apps/customer.application01/changes/","creation":"2024-10-06T15:33:47.034Z","projectId":"customer.application01","packageName":"$TMP","support":{"generator":"@sap-ux/control-property-editor","sapui5Version":"1.129.0","command":"property"},"originalLanguage":"EN","layer":"CUSTOMER_BASE","fileType":"change","fileName":"id_1728228759155_656_propertyChange","content":{"property":"hAlign","newValue":"Right"},"texts":{},"selector":{"id":"customer.application01::sap.suite.ui.generic.template.ListReport.view.ListReport::C_BankChainHeaderTP--listReport-BkChnAcctNmbrAtRcpntBkForEdit","type":"sap.m.Column","idIsLocal":false},"dependentSelector":{},"jsOnly":false}],"compVariants":[],"variants":[],"variantChanges":[],"variantDependentControlChanges":[],"variantManagementChanges":[]}